// 重构日志: 219ed508
// 重构日志: 1e1f0bc9
// 重构日志: fa355af3
// 重构日志: 9b24ff75
// 重构日志: 3d7cadac
// 同步 ID: 86725427 @ Sat Jul 25 07:46:20 UTC 2026
// 同步 ID: 88ef5bda @ Sat Jul 25 16:24:10 UTC 2026
// 同步 ID: 0fb434eb @ Sun Jul 26 17:13:35 UTC 2026
// 重构日志: 08fc7dad
// 重构日志: 65f1b7d0
// 同步 ID: 25c532db @ Wed Jul 29 01:51:00 UTC 2026
// 同步 ID: 7b599298 @ Wed Jul 29 13:33:38 UTC 2026
// 重构日志: ecf5618f
// 重构日志: 800fb354
// 同步 ID: 1898ee4b @ Fri Jul 31 02:35:54 UTC 2026
// 重构日志: c94be8b3
// 重构日志: 382ce37c
// 重构日志: 3ec2e225
// 重构日志: 845e0a8f
// 同步 ID: 4be2cdfc @ Sat Aug  1 12:49:53 UTC 2026
// 同步 ID: 275b995f @ Sat Aug  1 13:58:41 UTC 2026
// 重构日志: 2efe1353
// 同步 ID: 637c3903 @ Sun Aug  2 08:45:04 UTC 2026
// 同步 ID: 34455b43 @ Sun Aug  2 16:24:26 UTC 2026
// 重构日志: 026edb35
// 同步 ID: fce2495f @ Tue Aug  4 15:27:21 UTC 2026
// 重构日志: 18986b74
// 同步 ID: 1a7b75e8 @ Wed Aug  5 16:49:39 UTC 2026
// 同步 ID: 39efb33f @ Fri Aug  7 00:21:18 UTC 2026
// 同步 ID: d43ee0ae @ Fri Aug  7 12:44:00 UTC 2026
